Running build hooks...Running build hooks...phase=formal_fixture_commit
staged_revisions=10000/500000
staged_revisions=20000/500000
staged_revisions=30000/500000
staged_revisions=40000/500000
staged_revisions=50000/500000
staged_revisions=60000/500000
staged_revisions=70000/500000
staged_revisions=80000/500000
staged_revisions=90000/500000
staged_revisions=100000/500000
staged_revisions=110000/500000
staged_revisions=120000/500000
staged_revisions=130000/500000
staged_revisions=140000/500000
staged_revisions=150000/500000
staged_revisions=160000/500000
staged_revisions=170000/500000
staged_revisions=180000/500000
staged_revisions=190000/500000
staged_revisions=200000/500000
staged_revisions=210000/500000
staged_revisions=220000/500000
staged_revisions=230000/500000
staged_revisions=240000/500000
staged_revisions=250000/500000
staged_revisions=260000/500000
staged_revisions=270000/500000
staged_revisions=280000/500000
staged_revisions=290000/500000
staged_revisions=300000/500000
staged_revisions=310000/500000
staged_revisions=320000/500000
staged_revisions=330000/500000
staged_revisions=340000/500000
staged_revisions=350000/500000
staged_revisions=360000/500000
staged_revisions=370000/500000
staged_revisions=380000/500000
staged_revisions=390000/500000
staged_revisions=400000/500000
staged_revisions=410000/500000
staged_revisions=420000/500000
staged_revisions=430000/500000
staged_revisions=440000/500000
staged_revisions=450000/500000
staged_revisions=460000/500000
staged_revisions=470000/500000
staged_revisions=480000/500000
staged_revisions=490000/500000
staged_revisions=500000/500000
phase=source_digest
phase=backup
phase=backup elapsed_ms=30003 rss_bytes=65110016
phase=backup elapsed_ms=60003 rss_bytes=62390272
phase=backup elapsed_ms=90003 rss_bytes=61915136
phase=backup elapsed_ms=120007 rss_bytes=58605568
phase=backup elapsed_ms=150003 rss_bytes=59244544
phase=backup elapsed_ms=180013 rss_bytes=72859648
phase=backup elapsed_ms=210033 rss_bytes=57360384
phase=backup elapsed_ms=240009 rss_bytes=57409536
phase=backup elapsed_ms=270018 rss_bytes=59981824
phase=backup elapsed_ms=300010 rss_bytes=57950208
phase=backup elapsed_ms=330015 rss_bytes=55476224
phase=backup elapsed_ms=360002 rss_bytes=123191296
phase=restore_candidate
phase=restore_candidate elapsed_ms=30019 rss_bytes=62259200
phase=restore_candidate elapsed_ms=60061 rss_bytes=60047360
phase=restore_candidate elapsed_ms=90029 rss_bytes=62668800
phase=restore_candidate elapsed_ms=120019 rss_bytes=62390272
phase=restore_candidate elapsed_ms=150027 rss_bytes=60407808
phase=restore_candidate elapsed_ms=180029 rss_bytes=60325888
phase=restore_candidate elapsed_ms=210017 rss_bytes=59375616
phase=restore_candidate elapsed_ms=240013 rss_bytes=59703296
phase=restore_candidate elapsed_ms=270004 rss_bytes=60014592
