
DevTools listening on ws://127.0.0.1:54565/devtools/browser/c504f4cf-c57a-4205-aed7-172cde52c46a
Trying to load the allocator multiple times. This is *not* supported.
[19798:15903956:0924/014452.893978:ERROR:ui/display/mac/cv_display_link_mac.mm:195] CVDisplayLinkCreateWithCGDisplay failed. CVReturn: -6670
[19798:15904029:0924/014452.897785:ERROR:ui/display/mac/cv_display_link_mac.mm:195] CVDisplayLinkCreateWithCGDisplay failed. CVReturn: -6670
[19798:15903956:0924/014452.899138:ERROR:ui/display/mac/cv_display_link_mac.mm:195] CVDisplayLinkCreateWithCGDisplay failed. CVReturn: -6670
[19798:15904029:0924/014452.899204:ERROR:ui/display/mac/cv_display_link_mac.mm:195] CVDisplayLinkCreateWithCGDisplay failed. CVReturn: -6670
[19798:15903956:0924/014452.899331:ERROR:ui/display/mac/cv_display_link_mac.mm:195] CVDisplayLinkCreateWithCGDisplay failed. CVReturn: -6670
[19798:15904029:0924/014452.906762:ERROR:ui/display/mac/cv_display_link_mac.mm:195] CVDisplayLinkCreateWithCGDisplay failed. CVReturn: -6670
[19798:15903956:0924/014452.907593:ERROR:ui/display/mac/cv_display_link_mac.mm:195] CVDisplayLinkCreateWithCGDisplay failed. CVReturn: -6670
[19798:15904029:0924/014452.907653:ERROR:ui/display/mac/cv_display_link_mac.mm:195] CVDisplayLinkCreateWithCGDisplay failed. CVReturn: -6670
[19798:15903956:0924/014452.907770:ERROR:ui/display/mac/cv_display_link_mac.mm:195] CVDisplayLinkCreateWithCGDisplay failed. CVReturn: -6670
[19798:15904029:0924/014452.907828:ERROR:ui/display/mac/cv_display_link_mac.mm:195] CVDisplayLinkCreateWithCGDisplay failed. CVReturn: -6670
[19798:15903956:0924/014452.923881:ERROR:ui/display/mac/cv_display_link_mac.mm:195] CVDisplayLinkCreateWithCGDisplay failed. CVReturn: -6670
[19798:15904029:0924/014452.923961:ERROR:ui/display/mac/cv_display_link_mac.mm:195] CVDisplayLinkCreateWithCGDisplay failed. CVReturn: -6670
[19798:15903956:0924/014454.933050:ERROR:ui/display/mac/cv_display_link_mac.mm:195] CVDisplayLinkCreateWithCGDisplay failed. CVReturn: -6670
[19798:15904029:0924/014454.933139:ERROR:ui/display/mac/cv_display_link_mac.mm:195] CVDisplayLinkCreateWithCGDisplay failed. CVReturn: -6670
[19798:15903956:0924/014455.029859:ERROR:ui/display/mac/cv_display_link_mac.mm:195] CVDisplayLinkCreateWithCGDisplay failed. CVReturn: -6670
[19798:15904029:0924/014455.030584:ERROR:ui/display/mac/cv_display_link_mac.mm:195] CVDisplayLinkCreateWithCGDisplay failed. CVReturn: -6670
[19798:15903956:0924/014455.082065:ERROR:ui/display/mac/cv_display_link_mac.mm:195] CVDisplayLinkCreateWithCGDisplay failed. CVReturn: -6670
[19798:15904029:0924/014455.082151:ERROR:ui/display/mac/cv_display_link_mac.mm:195] CVDisplayLinkCreateWithCGDisplay failed. CVReturn: -6670
[19798:15903956:0924/014455.140827:ERROR:ui/display/mac/cv_display_link_mac.mm:195] CVDisplayLinkCreateWithCGDisplay failed. CVReturn: -6670
[19798:15904029:0924/014455.140907:ERROR:ui/display/mac/cv_display_link_mac.mm:195] CVDisplayLinkCreateWithCGDisplay failed. CVReturn: -6670
[19798:15903956:0924/014455.178668:ERROR:ui/display/mac/cv_display_link_mac.mm:195] CVDisplayLinkCreateWithCGDisplay failed. CVReturn: -6670
[19798:15904029:0924/014455.178762:ERROR:ui/display/mac/cv_display_link_mac.mm:195] CVDisplayLinkCreateWithCGDisplay failed. CVReturn: -6670
[19798:15903956:0924/014455.240040:ERROR:ui/display/mac/cv_display_link_mac.mm:195] CVDisplayLinkCreateWithCGDisplay failed. CVReturn: -6670
[19798:15904029:0924/014455.240147:ERROR:ui/display/mac/cv_display_link_mac.mm:195] CVDisplayLinkCreateWithCGDisplay failed. CVReturn: -6670
[19798:15903956:0924/014455.281973:ERROR:ui/display/mac/cv_display_link_mac.mm:195] CVDisplayLinkCreateWithCGDisplay failed. CVReturn: -6670
[19798:15904029:0924/014455.282058:ERROR:ui/display/mac/cv_display_link_mac.mm:195] CVDisplayLinkCreateWithCGDisplay failed. CVReturn: -6670
[19785:15903939:0924/014456.192225:ERROR:google_apis/gcm/engine/registration_request.cc:291] Registration response error message: DEPRECATED_ENDPOINT
[19798:15903956:0924/014456.206723:ERROR:ui/display/mac/cv_display_link_mac.mm:195] CVDisplayLinkCreateWithCGDisplay failed. CVReturn: -6670
[19798:15904029:0924/014456.206826:ERROR:ui/display/mac/cv_display_link_mac.mm:195] CVDisplayLinkCreateWithCGDisplay failed. CVReturn: -6670
Created TensorFlow Lite XNNPACK delegate for CPU.
[19935:15905020:0924/014511.692012:VERBOSE1:chrome/updater/updater.cc:374] Version: 152.0.7933.0, opt, ARM_64, command line: /Users/muyi/Library/Application Support/Google/GoogleUpdater/152.0.7933.0/GoogleUpdater.app/Contents/MacOS/GoogleUpdater --wake-all --enable-logging --vmodule=*/components/update_client/*=2,*/chrome/enterprise_companion/*=2,*/chrome/updater/*=2
[19935:15905020:0924/014511.692753:VERBOSE1:chrome/updater/updater.cc:377] OS version: 26.5.2, arch: arm64, System uptime (seconds): 1209465, parent pid: 19785
[19935:15905020:0924/014511.694539:VERBOSE1:chrome/updater/updater.cc:382] Available disk space in install directory (/Users/muyi/Library/Application Support/Google/GoogleUpdater): 22033661952B (20.520GiB) / 245107195904B (228.274GiB)
[19935:15905020:0924/014511.694555:VERBOSE1:chrome/updater/updater.cc:386] Available disk space in temporary directory (/var/folders/q0/177qc3b540l1_dg0ng0r3xn40000gn/T/): 22033661952B (20.520GiB) / 245107195904B (228.274GiB)
[19935:15905020:0924/014511.694623:VERBOSE2:chrome/updater/event_history.cc:265] Emitted a UPDATER_PROCESS START event to the history log
[19937:15905027:0924/014511.703735:VERBOSE1:chrome/updater/updater.cc:374] Version: 152.0.7933.0, opt, ARM_64, command line: /Users/muyi/Library/Application Support/Google/GoogleUpdater/152.0.7933.0/GoogleUpdater.app/Contents/MacOS/GoogleUpdater --crash-handler --database=/Users/muyi/Library/Application Support/Google/GoogleUpdater/152.0.7933.0/Crashpad --url=https://clients2.google.com/cr/report --annotation=prod=Update4 --annotation=ver=152.0.7933.0 --handshake-fd=6 --enable-logging --vmodule=*/components/update_client/*=2,*/chrome/enterprise_companion/*=2,*/chrome/updater/*=2
[19937:15905027:0924/014511.704302:VERBOSE1:chrome/updater/updater.cc:377] OS version: 26.5.2, arch: arm64, System uptime (seconds): 1209465, parent pid: 1
[19937:15905027:0924/014511.706020:VERBOSE1:chrome/updater/updater.cc:382] Available disk space in install directory (/Users/muyi/Library/Application Support/Google/GoogleUpdater): 22033653760B (20.520GiB) / 245107195904B (228.274GiB)
[19937:15905027:0924/014511.706035:VERBOSE1:chrome/updater/updater.cc:386] Available disk space in temporary directory (/var/folders/q0/177qc3b540l1_dg0ng0r3xn40000gn/T/): 22033653760B (20.520GiB) / 245107195904B (228.274GiB)
[19937:15905027:0924/014511.706109:VERBOSE2:chrome/updater/event_history.cc:265] Emitted a UPDATER_PROCESS START event to the history log
[19935:15905020:0924/014511.706514:VERBOSE1:chrome/updater/crash_reporter.cc:124] Crash handler launched and ready.
[19935:15905020:0924/014511.707158:VERBOSE1:chrome/updater/crash_client.cc:108] Found 0 completed crash reports
[19935:15905020:0924/014511.707229:VERBOSE1:chrome/updater/crash_client.cc:132] Found 0 pending crash reports
[19935:15905020:0924/014511.707297:ERROR:third_party/crashpad/crashpad/util/file/file_io_posix.cc:145] open /Users/muyi/Library/Application Support/Google/RLZ/Crashpad/settings.dat: No such file or directory (2)
[19935:15905020:0924/014511.707309:ERROR:third_party/crashpad/crashpad/util/file/file_io_posix.cc:145] open /Users/muyi/Library/Application Support/Google/consentOptions/Crashpad/settings.dat: No such file or directory (2)
[19935:15905020:0924/014511.707358:ERROR:third_party/crashpad/crashpad/util/file/file_io_posix.cc:145] open /Users/muyi/Library/Application Support/Google/ChromeForTesting/Crashpad/settings.dat: No such file or directory (2)
[19935:15905020:0924/014511.707368:ERROR:third_party/crashpad/crashpad/util/file/file_io_posix.cc:145] open /Users/muyi/Library/Application Support/Google/AndroidStudio2024.3/Crashpad/settings.dat: No such file or directory (2)
[19935:15905020:0924/014511.707381:VERBOSE1:chrome/updater/updater.cc:105] Crash reporting initialized.
[19935:15905035:0924/014511.707625:VERBOSE1:chrome/updater/app/app_wakeall.cc:58] Launching `/Users/muyi/Library/Application Support/Google/GoogleUpdater/152.0.7933.0/GoogleUpdater.app/Contents/MacOS/GoogleUpdater --wake`
[19938:15905039:0924/014511.716345:VERBOSE1:chrome/updater/updater.cc:374] Version: 152.0.7933.0, opt, ARM_64, command line: /Users/muyi/Library/Application Support/Google/GoogleUpdater/152.0.7933.0/GoogleUpdater.app/Contents/MacOS/GoogleUpdater --wake --enable-logging --vmodule=*/components/update_client/*=2,*/chrome/enterprise_companion/*=2,*/chrome/updater/*=2
[19938:15905039:0924/014511.716879:VERBOSE1:chrome/updater/updater.cc:377] OS version: 26.5.2, arch: arm64, System uptime (seconds): 1209465, parent pid: 19935
[19938:15905039:0924/014511.719058:VERBOSE1:chrome/updater/updater.cc:382] Available disk space in install directory (/Users/muyi/Library/Application Support/Google/GoogleUpdater): 22033580032B (20.520GiB) / 245107195904B (228.274GiB)
[19938:15905039:0924/014511.719072:VERBOSE1:chrome/updater/updater.cc:386] Available disk space in temporary directory (/var/folders/q0/177qc3b540l1_dg0ng0r3xn40000gn/T/): 22033580032B (20.520GiB) / 245107195904B (228.274GiB)
[19938:15905039:0924/014511.719139:VERBOSE2:chrome/updater/event_history.cc:265] Emitted a UPDATER_PROCESS START event to the history log
[19940:15905043:0924/014511.730172:VERBOSE1:chrome/updater/updater.cc:374] Version: 152.0.7933.0, opt, ARM_64, command line: /Users/muyi/Library/Application Support/Google/GoogleUpdater/152.0.7933.0/GoogleUpdater.app/Contents/MacOS/GoogleUpdater --crash-handler --database=/Users/muyi/Library/Application Support/Google/GoogleUpdater/152.0.7933.0/Crashpad --url=https://clients2.google.com/cr/report --annotation=prod=Update4 --annotation=ver=152.0.7933.0 --handshake-fd=6 --enable-logging --vmodule=*/components/update_client/*=2,*/chrome/enterprise_companion/*=2,*/chrome/updater/*=2
[19940:15905043:0924/014511.730954:VERBOSE1:chrome/updater/updater.cc:377] OS version: 26.5.2, arch: arm64, System uptime (seconds): 1209465, parent pid: 1
[19940:15905043:0924/014511.732763:VERBOSE1:chrome/updater/updater.cc:382] Available disk space in install directory (/Users/muyi/Library/Application Support/Google/GoogleUpdater): 22033580032B (20.520GiB) / 245107195904B (228.274GiB)
[19940:15905043:0924/014511.732777:VERBOSE1:chrome/updater/updater.cc:386] Available disk space in temporary directory (/var/folders/q0/177qc3b540l1_dg0ng0r3xn40000gn/T/): 22033580032B (20.520GiB) / 245107195904B (228.274GiB)
[19940:15905043:0924/014511.732848:VERBOSE2:chrome/updater/event_history.cc:265] Emitted a UPDATER_PROCESS START event to the history log
[19938:15905039:0924/014511.733266:VERBOSE1:chrome/updater/crash_reporter.cc:124] Crash handler launched and ready.
[19938:15905039:0924/014511.733873:VERBOSE1:chrome/updater/crash_client.cc:108] Found 0 completed crash reports
[19938:15905039:0924/014511.733941:VERBOSE1:chrome/updater/crash_client.cc:132] Found 0 pending crash reports
[19938:15905039:0924/014511.734011:ERROR:third_party/crashpad/crashpad/util/file/file_io_posix.cc:145] open /Users/muyi/Library/Application Support/Google/RLZ/Crashpad/settings.dat: No such file or directory (2)
[19938:15905039:0924/014511.734022:ERROR:third_party/crashpad/crashpad/util/file/file_io_posix.cc:145] open /Users/muyi/Library/Application Support/Google/consentOptions/Crashpad/settings.dat: No such file or directory (2)
[19938:15905039:0924/014511.734069:ERROR:third_party/crashpad/crashpad/util/file/file_io_posix.cc:145] open /Users/muyi/Library/Application Support/Google/ChromeForTesting/Crashpad/settings.dat: No such file or directory (2)
[19938:15905039:0924/014511.734079:ERROR:third_party/crashpad/crashpad/util/file/file_io_posix.cc:145] open /Users/muyi/Library/Application Support/Google/AndroidStudio2024.3/Crashpad/settings.dat: No such file or directory (2)
[19938:15905039:0924/014511.734091:VERBOSE1:chrome/updater/updater.cc:105] Crash reporting initialized.
[19938:15905039:0924/014511.734229:VERBOSE1:chrome/updater/ipc/update_service_internal_proxy_mojo.cc:61] Run
[19938:15905039:0924/014527.969976:VERBOSE1:chrome/updater/app/app.cc:52] Shutdown: 0
[19938:15905039:0924/014527.970704:VERBOSE2:chrome/updater/event_history.cc:265] Emitted a UPDATER_PROCESS END event to the history log
[19938:15905039:0924/014527.970727:VERBOSE1:chrome/updater/updater.cc:419] UpdaterMain (--wake) returned 0.
[19935:15905035:0924/014528.230395:VERBOSE1:chrome/updater/app/app_wakeall.cc:68] `/Users/muyi/Library/Application Support/Google/GoogleUpdater/152.0.7933.0/GoogleUpdater.app/Contents/MacOS/GoogleUpdater --wake` exited 0
[19935:15905020:0924/014528.231444:VERBOSE1:chrome/updater/app/app.cc:52] Shutdown: 0
[19935:15905020:0924/014528.232758:VERBOSE2:chrome/updater/event_history.cc:265] Emitted a UPDATER_PROCESS END event to the history log
[19935:15905020:0924/014528.232834:VERBOSE1:chrome/updater/updater.cc:419] UpdaterMain (--wake-all) returned 0.
[19940:15905043:0924/014537.981650:VERBOSE2:chrome/updater/event_history.cc:265] Emitted a UPDATER_PROCESS END event to the history log
[19940:15905043:0924/014537.981905:VERBOSE1:chrome/updater/updater.cc:419] UpdaterMain (--crash-handler) returned 0.
[19937:15905027:0924/014537.982769:VERBOSE2:chrome/updater/event_history.cc:265] Emitted a UPDATER_PROCESS END event to the history log
[19937:15905027:0924/014537.982798:VERBOSE1:chrome/updater/updater.cc:419] UpdaterMain (--crash-handler) returned 0.
