Compiled 15,305,483 input bytes (9,871,372 characters source) to 383,391 characters JavaScript in 3.22 seconds
Compiled 16,851,702 input bytes (11,417,591 characters source) to 1,237,074 characters JavaScript in 7.61 seconds
{
  "status": "PASS",
  "browser": {
    "protocolVersion": "1.3",
    "product": "Chrome/153.0.8010.53",
    "revision": "@792bf6722e73a45aa9e47c163b9901bdc17f3230",
    "userAgent": "Mozilla/5.0 (Macintosh; Intel Mac OS X 10_15_7) AppleWebKit/537.36 (KHTML, like Gecko) HeadlessChrome/153.0.0.0 Safari/537.36",
    "jsVersion": "15.3.76.13"
  },
  "prepare": {
    "business": true,
    "bundle": true,
    "cancel_no_receipt": true,
    "malformed_no_receipt": true,
    "business_job": "accf7ade435d81a35cad7091e0d8efef74e58d77d11880fa",
    "bundle_job": "7458300cd93a9ff5ef6524e8f8c22eff47c532400fe9649a",
    "input_boundary": "real OPFS files; native chooser bypassed"
  },
  "browser_process_restart": {
    "pid": 27617,
    "exitCode": 0,
    "method": "CDP Browser.close"
  },
  "reopen": {
    "business": {
      "locator_readable": true,
      "precommit_revisions": 2,
      "retry_same_receipt": true,
      "quotation_count": 1
    },
    "bundle": {
      "locator_readable": true,
      "precommit_revisions": 0,
      "retry_same_receipt": true,
      "quotation_count": 1
    }
  },
  "limitations": [
    "System file chooser and Flutter widget click path not exercised; production adapters receive real OPFS-backed XLSX/ZIP files."
  ]
}
