package: name='com.supplierinquiry.supplier_app' versionCode='1' versionName='0.1.0' platformBuildVersionName='16' platformBuildVersionCode='36' compileSdkVersion='36' compileSdkVersionCodename='16'
sdkVersion:'29'
targetSdkVersion:'36'
uses-permission: name='android.permission.INTERNET'
uses-permission: name='com.supplierinquiry.supplier_app.DYNAMIC_RECEIVER_NOT_EXPORTED_PERMISSION'
application-label:'supplier_app'
application-label-af:'supplier_app'
application-label-am:'supplier_app'
application-label-ar:'supplier_app'
application-label-as:'supplier_app'
application-label-az:'supplier_app'
application-label-be:'supplier_app'
application-label-bg:'supplier_app'
application-label-bn:'supplier_app'
application-label-bs:'supplier_app'
application-label-ca:'supplier_app'
application-label-cs:'supplier_app'
application-label-da:'supplier_app'
application-label-de:'supplier_app'
application-label-el:'supplier_app'
application-label-en-AU:'supplier_app'
application-label-en-CA:'supplier_app'
application-label-en-GB:'supplier_app'
application-label-en-IN:'supplier_app'
application-label-en-XC:'supplier_app'
application-label-es:'supplier_app'
application-label-es-US:'supplier_app'
application-label-et:'supplier_app'
application-label-eu:'supplier_app'
application-label-fa:'supplier_app'
application-label-fi:'supplier_app'
application-label-fr:'supplier_app'
application-label-fr-CA:'supplier_app'
application-label-gl:'supplier_app'
application-label-gu:'supplier_app'
application-label-hi:'supplier_app'
application-label-hr:'supplier_app'
application-label-hu:'supplier_app'
application-label-hy:'supplier_app'
application-label-in:'supplier_app'
application-label-is:'supplier_app'
application-label-it:'supplier_app'
application-label-iw:'supplier_app'
application-label-ja:'supplier_app'
application-label-ka:'supplier_app'
application-label-kk:'supplier_app'
application-label-km:'supplier_app'
application-label-kn:'supplier_app'
application-label-ko:'supplier_app'
application-label-ky:'supplier_app'
application-label-lo:'supplier_app'
application-label-lt:'supplier_app'
application-label-lv:'supplier_app'
application-label-mk:'supplier_app'
application-label-ml:'supplier_app'
application-label-mn:'supplier_app'
application-label-mr:'supplier_app'
application-label-ms:'supplier_app'
application-label-my:'supplier_app'
application-label-nb:'supplier_app'
application-label-ne:'supplier_app'
application-label-nl:'supplier_app'
application-label-or:'supplier_app'
application-label-pa:'supplier_app'
application-label-pl:'supplier_app'
application-label-pt:'supplier_app'
application-label-pt-BR:'supplier_app'
application-label-pt-PT:'supplier_app'
application-label-ro:'supplier_app'
application-label-ru:'supplier_app'
application-label-si:'supplier_app'
application-label-sk:'supplier_app'
application-label-sl:'supplier_app'
application-label-sq:'supplier_app'
application-label-sr:'supplier_app'
application-label-sr-Latn:'supplier_app'
application-label-sv:'supplier_app'
application-label-sw:'supplier_app'
application-label-ta:'supplier_app'
application-label-te:'supplier_app'
application-label-th:'supplier_app'
application-label-tl:'supplier_app'
application-label-tr:'supplier_app'
application-label-uk:'supplier_app'
application-label-ur:'supplier_app'
application-label-uz:'supplier_app'
application-label-vi:'supplier_app'
application-label-zh-CN:'supplier_app'
application-label-zh-HK:'supplier_app'
application-label-zh-TW:'supplier_app'
application-label-zu:'supplier_app'
application-icon-120:'res/mipmap-mdpi-v4/ic_launcher.png'
application-icon-160:'res/mipmap-mdpi-v4/ic_launcher.png'
application-icon-240:'res/mipmap-hdpi-v4/ic_launcher.png'
application-icon-320:'res/mipmap-xhdpi-v4/ic_launcher.png'
application-icon-480:'res/mipmap-xxhdpi-v4/ic_launcher.png'
application-icon-640:'res/mipmap-xxxhdpi-v4/ic_launcher.png'
application-icon-65534:'res/mipmap-mdpi-v4/ic_launcher.png'
application: label='supplier_app' icon='res/mipmap-mdpi-v4/ic_launcher.png'
application-debuggable
launchable-activity: name='com.supplierinquiry.supplier_app.MainActivity'  label='' icon=''
uses-library-not-required:'androidx.window.extensions'
uses-library-not-required:'androidx.window.sidecar'
feature-group: label=''
  uses-feature: name='android.hardware.faketouch'
  uses-implied-feature: name='android.hardware.faketouch' reason='default feature for all apps'
main
other-receivers
supports-screens: 'small' 'normal' 'large' 'xlarge'
supports-any-density: 'true'
locales: '--_--' 'af' 'am' 'ar' 'as' 'az' 'be' 'bg' 'bn' 'bs' 'ca' 'cs' 'da' 'de' 'el' 'en-AU' 'en-CA' 'en-GB' 'en-IN' 'en-XC' 'es' 'es-US' 'et' 'eu' 'fa' 'fi' 'fr' 'fr-CA' 'gl' 'gu' 'hi' 'hr' 'hu' 'hy' 'in' 'is' 'it' 'iw' 'ja' 'ka' 'kk' 'km' 'kn' 'ko' 'ky' 'lo' 'lt' 'lv' 'mk' 'ml' 'mn' 'mr' 'ms' 'my' 'nb' 'ne' 'nl' 'or' 'pa' 'pl' 'pt' 'pt-BR' 'pt-PT' 'ro' 'ru' 'si' 'sk' 'sl' 'sq' 'sr' 'sr-Latn' 'sv' 'sw' 'ta' 'te' 'th' 'tl' 'tr' 'uk' 'ur' 'uz' 'vi' 'zh-CN' 'zh-HK' 'zh-TW' 'zu'
densities: '120' '160' '240' '320' '480' '640' '65534'
native-code: 'arm64-v8a'
