Flutter is deprecating support for Intel-based Macs. A future version of Flutter will require an Apple Silicon Mac to build applications.
[1/10] Material Fonts                                               3.6s
[2/10] Gradle Wrapper                                            1,047ms
[3/10] Flutter SDK
  ├─ [1/5] sky_engine                                            2,805ms
  ├─ [2/5] flutter_gpu                                           2,129ms
  ├─ [3/5] flutter_patched_sdk                                      4.1s
  ├─ [4/5] flutter_patched_sdk_product                              3.5s
  └─ [5/5] darwin-x64                                              10.3s
[4/10] iOS USB Artifact: libimobiledevice                        2,237ms
[5/10] iOS USB Artifact: libusbmuxd                              1,512ms
[6/10] iOS USB Artifact: libplist                                1,542ms
[7/10] iOS USB Artifact: openssl                                 2,838ms
[8/10] iOS USB Artifact: libimobiledeviceglue                    1,132ms
[9/10] iOS USB Artifact: ios-deploy                              1,453ms
[10/10] darwin-x64/font-subset                                      3.1s
[!] Flutter (Channel [user-branch], 3.47.4, on macOS 26.5.2 25F84 darwin-x64, locale zh-Hans-CN) [194ms]
    ! Flutter is deprecating support for Intel-based Macs. A future version of Flutter will require an Apple Silicon Mac to build applications.
    ! Flutter version 3.47.4 on channel [user-branch] at /private/tmp/supplier-inquiry-toolchain/flutter
      Currently on an unknown channel. Run `flutter channel` to switch to an official channel.
      If that doesn't fix the issue, try deleting the 'bin/cache/flutter.version.json' file in your Flutter SDK directory and then reinstall Flutter by following instructions at https://flutter.dev/setup.
    ! The flutter binary is not on your path. Consider adding /private/tmp/supplier-inquiry-toolchain/flutter/bin to your path.
    ! The dart binary is not on your path. Consider adding /private/tmp/supplier-inquiry-toolchain/flutter/bin to your path.
    • Upstream repository https://github.com/flutter/flutter.git
    • Framework revision 9584c6713b (6 days ago), 2026-09-10 15:25:10 -0700
    • Engine revision 06a2e2a110
    • Dart version 3.13.3
    • DevTools version 2.60.0
    • Feature flags: enable-web, enable-linux-desktop, enable-macos-desktop, enable-windows-desktop, enable-android, enable-ios, cli-animations, enable-native-assets, enable-record-use, enable-swift-package-manager, omit-legacy-version-file, enable-lldb-debugging, enable-uiscene-migration, enable-riscv64
    • If those were intentional, you can disregard the above warnings; however it is recommended to use "git" directly to perform update checks and upgrades.

[✗] Android toolchain - develop for Android devices [31.6s]
    • Android SDK at /Users/muyi/Library/Android/sdk
    • Emulator version unknown
    ✗ cmdline-tools component is missing.
      Try installing or updating Android Studio.
      Alternatively, download the tools from https://developer.android.com/studio#command-line-tools-only and make sure to set the ANDROID_HOME environment variable.
      See https://developer.android.com/studio/command-line for more details.

[!] Xcode - develop for iOS and macOS [104ms]
    ✗ Xcode installation is incomplete; a full installation is necessary for iOS and macOS development.
      Download at: https://developer.apple.com/xcode/
      Or install Xcode via the App Store.
      Once installed, run:
        sudo xcode-select --switch /Applications/Xcode.app/Contents/Developer
        sudo xcodebuild -runFirstLaunch
    ! CocoaPods not installed.
        CocoaPods is a package manager for iOS or macOS platform code.
        Without CocoaPods, plugins will not work on iOS or macOS.
        For more info, see https://flutter.dev/to/platform-plugins
      For installation instructions, see https://guides.cocoapods.org/using/getting-started.html#installation

[✓] Chrome - develop for the web [36ms]
    • Chrome at /Applications/Google Chrome.app/Contents/MacOS/Google Chrome

[!] Proxy Configuration [35ms]
    • HTTP_PROXY is set
    ! NO_PROXY is not set

[✓] Connected device (2 available) [4.1s]
    • macOS (desktop) • macos  • darwin-x64     • macOS 26.5.2 25F84 darwin-x64
    • Chrome (web)    • chrome • web-javascript • Google Chrome 152.0.7977.84

[✓] Network resources [1,793ms]
    • All expected network resources are available.

! Doctor found issues in 4 categories.
